Archive member included because of file (symbol)

c:/media/ieee/interfacing/03-imt sdk/sdk_win_64/winavr/bin/../lib/gcc/avr/4.3.3/avr5\libgcc.a(_mulsi3.o)
                              ./ADC_CODE/APP/main.o (__mulsi3)
c:/media/ieee/interfacing/03-imt sdk/sdk_win_64/winavr/bin/../lib/gcc/avr/4.3.3/avr5\libgcc.a(_udivmodsi4.o)
                              ./ADC_CODE/HAL/LCD/LCD_program.o (__udivmodsi4)
c:/media/ieee/interfacing/03-imt sdk/sdk_win_64/winavr/bin/../lib/gcc/avr/4.3.3/avr5\libgcc.a(_exit.o)
                              c:/media/ieee/interfacing/03-imt sdk/sdk_win_64/winavr/bin/../lib/gcc/avr/4.3.3/../../../../avr/lib/avr5/crtm32.o (exit)
c:/media/ieee/interfacing/03-imt sdk/sdk_win_64/winavr/bin/../lib/gcc/avr/4.3.3/avr5\libgcc.a(_copy_data.o)
                              ./ADC_CODE/HAL/KPD/KPD_program.o (__do_copy_data)
c:/media/ieee/interfacing/03-imt sdk/sdk_win_64/winavr/bin/../lib/gcc/avr/4.3.3/avr5\libgcc.a(_clear_bss.o)
                              ./ADC_CODE/MCAL/EXTI/EXTI_program.o (__do_clear_bss)
c:/media/ieee/interfacing/03-imt sdk/sdk_win_64/winavr/bin/../lib/gcc/avr/4.3.3/avr5\libgcc.a(_fixunssfsi.o)
                              ./ADC_CODE/HAL/STM/STM_program.o (__fixunssfsi)
c:/media/ieee/interfacing/03-imt sdk/sdk_win_64/winavr/bin/../lib/gcc/avr/4.3.3/avr5\libgcc.a(_addsub_sf.o)
                              c:/media/ieee/interfacing/03-imt sdk/sdk_win_64/winavr/bin/../lib/gcc/avr/4.3.3/avr5\libgcc.a(_fixunssfsi.o) (__subsf3)
c:/media/ieee/interfacing/03-imt sdk/sdk_win_64/winavr/bin/../lib/gcc/avr/4.3.3/avr5\libgcc.a(_mul_sf.o)
                              ./ADC_CODE/HAL/STM/STM_program.o (__mulsf3)
c:/media/ieee/interfacing/03-imt sdk/sdk_win_64/winavr/bin/../lib/gcc/avr/4.3.3/avr5\libgcc.a(_div_sf.o)
                              ./ADC_CODE/HAL/LCD/LCD_program.o (__divsf3)
c:/media/ieee/interfacing/03-imt sdk/sdk_win_64/winavr/bin/../lib/gcc/avr/4.3.3/avr5\libgcc.a(_gt_sf.o)
                              ./ADC_CODE/HAL/STM/STM_program.o (__gtsf2)
c:/media/ieee/interfacing/03-imt sdk/sdk_win_64/winavr/bin/../lib/gcc/avr/4.3.3/avr5\libgcc.a(_ge_sf.o)
                              c:/media/ieee/interfacing/03-imt sdk/sdk_win_64/winavr/bin/../lib/gcc/avr/4.3.3/avr5\libgcc.a(_fixunssfsi.o) (__gesf2)
c:/media/ieee/interfacing/03-imt sdk/sdk_win_64/winavr/bin/../lib/gcc/avr/4.3.3/avr5\libgcc.a(_lt_sf.o)
                              ./ADC_CODE/HAL/STM/STM_program.o (__ltsf2)
c:/media/ieee/interfacing/03-imt sdk/sdk_win_64/winavr/bin/../lib/gcc/avr/4.3.3/avr5\libgcc.a(_sf_to_si.o)
                              c:/media/ieee/interfacing/03-imt sdk/sdk_win_64/winavr/bin/../lib/gcc/avr/4.3.3/avr5\libgcc.a(_fixunssfsi.o) (__fixsfsi)
c:/media/ieee/interfacing/03-imt sdk/sdk_win_64/winavr/bin/../lib/gcc/avr/4.3.3/avr5\libgcc.a(_thenan_sf.o)
                              c:/media/ieee/interfacing/03-imt sdk/sdk_win_64/winavr/bin/../lib/gcc/avr/4.3.3/avr5\libgcc.a(_addsub_sf.o) (__thenan_sf)
c:/media/ieee/interfacing/03-imt sdk/sdk_win_64/winavr/bin/../lib/gcc/avr/4.3.3/avr5\libgcc.a(_prologue.o)
                              c:/media/ieee/interfacing/03-imt sdk/sdk_win_64/winavr/bin/../lib/gcc/avr/4.3.3/avr5\libgcc.a(_addsub_sf.o) (__prologue_saves__)
c:/media/ieee/interfacing/03-imt sdk/sdk_win_64/winavr/bin/../lib/gcc/avr/4.3.3/avr5\libgcc.a(_epilogue.o)
                              c:/media/ieee/interfacing/03-imt sdk/sdk_win_64/winavr/bin/../lib/gcc/avr/4.3.3/avr5\libgcc.a(_addsub_sf.o) (__epilogue_restores__)
c:/media/ieee/interfacing/03-imt sdk/sdk_win_64/winavr/bin/../lib/gcc/avr/4.3.3/avr5\libgcc.a(_pack_sf.o)
                              c:/media/ieee/interfacing/03-imt sdk/sdk_win_64/winavr/bin/../lib/gcc/avr/4.3.3/avr5\libgcc.a(_addsub_sf.o) (__pack_f)
c:/media/ieee/interfacing/03-imt sdk/sdk_win_64/winavr/bin/../lib/gcc/avr/4.3.3/avr5\libgcc.a(_unpack_sf.o)
                              c:/media/ieee/interfacing/03-imt sdk/sdk_win_64/winavr/bin/../lib/gcc/avr/4.3.3/avr5\libgcc.a(_addsub_sf.o) (__unpack_f)
c:/media/ieee/interfacing/03-imt sdk/sdk_win_64/winavr/bin/../lib/gcc/avr/4.3.3/avr5\libgcc.a(_fpcmp_parts_sf.o)
                              c:/media/ieee/interfacing/03-imt sdk/sdk_win_64/winavr/bin/../lib/gcc/avr/4.3.3/avr5\libgcc.a(_gt_sf.o) (__fpcmp_parts_f)

Memory Configuration

Name             Origin             Length             Attributes
text             0x00000000         0x00020000         xr
data             0x00800060         0x0000ffa0         rw !x
eeprom           0x00810000         0x00010000         rw !x
fuse             0x00820000         0x00000400         rw !x
lock             0x00830000         0x00000400         rw !x
signature        0x00840000         0x00000400         rw !x
*default*        0x00000000         0xffffffff

Linker script and memory map

LOAD c:/media/ieee/interfacing/03-imt sdk/sdk_win_64/winavr/bin/../lib/gcc/avr/4.3.3/../../../../avr/lib/avr5/crtm32.o
LOAD ./ADC_CODE/MCAL/GI/GI_program.o
LOAD ./ADC_CODE/MCAL/EXTI/EXTI_program.o
LOAD ./ADC_CODE/MCAL/DIO/DIO_program.o
LOAD ./ADC_CODE/MCAL/ADC/ADC_program.o
LOAD ./ADC_CODE/HAL/STM/STM_program.o
LOAD ./ADC_CODE/HAL/LCD/LCD_program.o
LOAD ./ADC_CODE/HAL/KPD/KPD_program.o
LOAD ./ADC_CODE/HAL/DCM/DCM_program.o
LOAD ./ADC_CODE/APP/main.o
LOAD c:/media/ieee/interfacing/03-imt sdk/sdk_win_64/winavr/bin/../lib/gcc/avr/4.3.3/avr5\libgcc.a
LOAD c:/media/ieee/interfacing/03-imt sdk/sdk_win_64/winavr/bin/../lib/gcc/avr/4.3.3/../../../../avr/lib/avr5\libc.a
LOAD c:/media/ieee/interfacing/03-imt sdk/sdk_win_64/winavr/bin/../lib/gcc/avr/4.3.3/avr5\libgcc.a

.hash
 *(.hash)

.dynsym
 *(.dynsym)

.dynstr
 *(.dynstr)

.gnu.version
 *(.gnu.version)

.gnu.version_d
 *(.gnu.version_d)

.gnu.version_r
 *(.gnu.version_r)

.rel.init
 *(.rel.init)

.rela.init
 *(.rela.init)

.rel.text
 *(.rel.text)
 *(.rel.text.*)
 *(.rel.gnu.linkonce.t*)

.rela.text
 *(.rela.text)
 *(.rela.text.*)
 *(.rela.gnu.linkonce.t*)

.rel.fini
 *(.rel.fini)

.rela.fini
 *(.rela.fini)

.rel.rodata
 *(.rel.rodata)
 *(.rel.rodata.*)
 *(.rel.gnu.linkonce.r*)

.rela.rodata
 *(.rela.rodata)
 *(.rela.rodata.*)
 *(.rela.gnu.linkonce.r*)

.rel.data
 *(.rel.data)
 *(.rel.data.*)
 *(.rel.gnu.linkonce.d*)

.rela.data
 *(.rela.data)
 *(.rela.data.*)
 *(.rela.gnu.linkonce.d*)

.rel.ctors
 *(.rel.ctors)

.rela.ctors
 *(.rela.ctors)

.rel.dtors
 *(.rel.dtors)

.rela.dtors
 *(.rela.dtors)

.rel.got
 *(.rel.got)

.rela.got
 *(.rela.got)

.rel.bss
 *(.rel.bss)

.rela.bss
 *(.rela.bss)

.rel.plt
 *(.rel.plt)

.rela.plt
 *(.rela.plt)

.text           0x00000000     0x368a
 *(.vectors)
 .vectors       0x00000000       0x54 c:/media/ieee/interfacing/03-imt sdk/sdk_win_64/winavr/bin/../lib/gcc/avr/4.3.3/../../../../avr/lib/avr5/crtm32.o
                0x00000000                __vectors
                0x00000000                __vector_default
 *(.vectors)
 *(.progmem.gcc*)
 *(.progmem*)
                0x00000054                . = ALIGN (0x2)
                0x00000054                __trampolines_start = .
 *(.trampolines)
 .trampolines   0x00000054        0x0 linker stubs
 *(.trampolines*)
                0x00000054                __trampolines_end = .
 *(.jumptables)
 *(.jumptables*)
 *(.lowtext)
 *(.lowtext*)
                0x00000054                __ctors_start = .
 *(.ctors)
                0x00000054                __ctors_end = .
                0x00000054                __dtors_start = .
 *(.dtors)
                0x00000054                __dtors_end = .
 SORT(*)(.ctors)
 SORT(*)(.dtors)
 *(.init0)
 .init0         0x00000054        0x0 c:/media/ieee/interfacing/03-imt sdk/sdk_win_64/winavr/bin/../lib/gcc/avr/4.3.3/../../../../avr/lib/avr5/crtm32.o
                0x00000054                __init
 *(.init0)
 *(.init1)
 *(.init1)
 *(.init2)
 .init2         0x00000054        0xc c:/media/ieee/interfacing/03-imt sdk/sdk_win_64/winavr/bin/../lib/gcc/avr/4.3.3/../../../../avr/lib/avr5/crtm32.o
 *(.init2)
 *(.init3)
 *(.init3)
 *(.init4)
 .init4         0x00000060       0x16 c:/media/ieee/interfacing/03-imt sdk/sdk_win_64/winavr/bin/../lib/gcc/avr/4.3.3/avr5\libgcc.a(_copy_data.o)
                0x00000060                __do_copy_data
 .init4         0x00000076       0x10 c:/media/ieee/interfacing/03-imt sdk/sdk_win_64/winavr/bin/../lib/gcc/avr/4.3.3/avr5\libgcc.a(_clear_bss.o)
                0x00000076                __do_clear_bss
 *(.init4)
 *(.init5)
 *(.init5)
 *(.init6)
 *(.init6)
 *(.init7)
 *(.init7)
 *(.init8)
 *(.init8)
 *(.init9)
 .init9         0x00000086        0x8 c:/media/ieee/interfacing/03-imt sdk/sdk_win_64/winavr/bin/../lib/gcc/avr/4.3.3/../../../../avr/lib/avr5/crtm32.o
 *(.init9)
 *(.text)
 .text          0x0000008e        0x4 c:/media/ieee/interfacing/03-imt sdk/sdk_win_64/winavr/bin/../lib/gcc/avr/4.3.3/../../../../avr/lib/avr5/crtm32.o
                0x0000008e                __vector_12
                0x0000008e                __bad_interrupt
                0x0000008e                __vector_6
                0x0000008e                __vector_11
                0x0000008e                __vector_13
                0x0000008e                __vector_17
                0x0000008e                __vector_19
                0x0000008e                __vector_7
                0x0000008e                __vector_5
                0x0000008e                __vector_4
                0x0000008e                __vector_9
                0x0000008e                __vector_15
                0x0000008e                __vector_8
                0x0000008e                __vector_14
                0x0000008e                __vector_10
                0x0000008e                __vector_18
                0x0000008e                __vector_20
 .text          0x00000092        0x0 ./ADC_CODE/MCAL/GI/GI_program.o
 .text          0x00000092        0x0 ./ADC_CODE/MCAL/EXTI/EXTI_program.o
 .text          0x00000092        0x0 ./ADC_CODE/MCAL/DIO/DIO_program.o
 .text          0x00000092        0x0 ./ADC_CODE/MCAL/ADC/ADC_program.o
 .text          0x00000092        0x0 ./ADC_CODE/HAL/STM/STM_program.o
 .text          0x00000092        0x0 ./ADC_CODE/HAL/LCD/LCD_program.o
 .text          0x00000092        0x0 ./ADC_CODE/HAL/KPD/KPD_program.o
 .text          0x00000092        0x0 ./ADC_CODE/HAL/DCM/DCM_program.o
 .text          0x00000092        0x0 ./ADC_CODE/APP/main.o
 .text          0x00000092        0x0 c:/media/ieee/interfacing/03-imt sdk/sdk_win_64/winavr/bin/../lib/gcc/avr/4.3.3/avr5\libgcc.a(_mulsi3.o)
 .text          0x00000092        0x0 c:/media/ieee/interfacing/03-imt sdk/sdk_win_64/winavr/bin/../lib/gcc/avr/4.3.3/avr5\libgcc.a(_udivmodsi4.o)
 .text          0x00000092        0x0 c:/media/ieee/interfacing/03-imt sdk/sdk_win_64/winavr/bin/../lib/gcc/avr/4.3.3/avr5\libgcc.a(_exit.o)
 .text          0x00000092        0x0 c:/media/ieee/interfacing/03-imt sdk/sdk_win_64/winavr/bin/../lib/gcc/avr/4.3.3/avr5\libgcc.a(_copy_data.o)
 .text          0x00000092        0x0 c:/media/ieee/interfacing/03-imt sdk/sdk_win_64/winavr/bin/../lib/gcc/avr/4.3.3/avr5\libgcc.a(_clear_bss.o)
 .text          0x00000092       0x58 c:/media/ieee/interfacing/03-imt sdk/sdk_win_64/winavr/bin/../lib/gcc/avr/4.3.3/avr5\libgcc.a(_fixunssfsi.o)
                0x00000092                __fixunssfsi
 .text          0x000000ea      0x354 c:/media/ieee/interfacing/03-imt sdk/sdk_win_64/winavr/bin/../lib/gcc/avr/4.3.3/avr5\libgcc.a(_addsub_sf.o)
                0x00000382                __subsf3
                0x000003e4                __addsf3
 .text          0x0000043e      0x1f4 c:/media/ieee/interfacing/03-imt sdk/sdk_win_64/winavr/bin/../lib/gcc/avr/4.3.3/avr5\libgcc.a(_mul_sf.o)
                0x0000043e                __mulsf3
 .text          0x00000632      0x158 c:/media/ieee/interfacing/03-imt sdk/sdk_win_64/winavr/bin/../lib/gcc/avr/4.3.3/avr5\libgcc.a(_div_sf.o)
                0x00000632                __divsf3
 .text          0x0000078a       0x60 c:/media/ieee/interfacing/03-imt sdk/sdk_win_64/winavr/bin/../lib/gcc/avr/4.3.3/avr5\libgcc.a(_gt_sf.o)
                0x0000078a                __gtsf2
 .text          0x000007ea       0x60 c:/media/ieee/interfacing/03-imt sdk/sdk_win_64/winavr/bin/../lib/gcc/avr/4.3.3/avr5\libgcc.a(_ge_sf.o)
                0x000007ea                __gesf2
 .text          0x0000084a       0x60 c:/media/ieee/interfacing/03-imt sdk/sdk_win_64/winavr/bin/../lib/gcc/avr/4.3.3/avr5\libgcc.a(_lt_sf.o)
                0x0000084a                __ltsf2
 .text          0x000008aa       0xa8 c:/media/ieee/interfacing/03-imt sdk/sdk_win_64/winavr/bin/../lib/gcc/avr/4.3.3/avr5\libgcc.a(_sf_to_si.o)
                0x000008aa                __fixsfsi
 .text          0x00000952        0x0 c:/media/ieee/interfacing/03-imt sdk/sdk_win_64/winavr/bin/../lib/gcc/avr/4.3.3/avr5\libgcc.a(_thenan_sf.o)
 .text          0x00000952        0x0 c:/media/ieee/interfacing/03-imt sdk/sdk_win_64/winavr/bin/../lib/gcc/avr/4.3.3/avr5\libgcc.a(_prologue.o)
 .text          0x00000952        0x0 c:/media/ieee/interfacing/03-imt sdk/sdk_win_64/winavr/bin/../lib/gcc/avr/4.3.3/avr5\libgcc.a(_epilogue.o)
 .text          0x00000952      0x1aa c:/media/ieee/interfacing/03-imt sdk/sdk_win_64/winavr/bin/../lib/gcc/avr/4.3.3/avr5\libgcc.a(_pack_sf.o)
                0x00000952                __pack_f
 .text          0x00000afc       0xf0 c:/media/ieee/interfacing/03-imt sdk/sdk_win_64/winavr/bin/../lib/gcc/avr/4.3.3/avr5\libgcc.a(_unpack_sf.o)
                0x00000afc                __unpack_f
 .text          0x00000bec       0xb2 c:/media/ieee/interfacing/03-imt sdk/sdk_win_64/winavr/bin/../lib/gcc/avr/4.3.3/avr5\libgcc.a(_fpcmp_parts_sf.o)
                0x00000bec                __fpcmp_parts_f
                0x00000c9e                . = ALIGN (0x2)
 *(.text.*)
 .text.GI_voidGlobalEnable
                0x00000c9e       0x1c ./ADC_CODE/MCAL/GI/GI_program.o
                0x00000c9e                GI_voidGlobalEnable
 .text.GI_voidGlobalDisable
                0x00000cba       0x1c ./ADC_CODE/MCAL/GI/GI_program.o
                0x00000cba                GI_voidGlobalDisable
 .text.EXTI_u8Enable
                0x00000cd6      0x2a4 ./ADC_CODE/MCAL/EXTI/EXTI_program.o
                0x00000cd6                EXTI_u8Enable
 .text.EXTI_u8EXTIDisable
                0x00000f7a       0x7a ./ADC_CODE/MCAL/EXTI/EXTI_program.o
                0x00000f7a                EXTI_u8EXTIDisable
 .text.EXTI_u8EXTISetCallBack
                0x00000ff4       0x52 ./ADC_CODE/MCAL/EXTI/EXTI_program.o
                0x00000ff4                EXTI_u8EXTISetCallBack
 .text.__vector_1
                0x00001046       0x66 ./ADC_CODE/MCAL/EXTI/EXTI_program.o
                0x00001046                __vector_1
 .text.__vector_2
                0x000010ac       0x66 ./ADC_CODE/MCAL/EXTI/EXTI_program.o
                0x000010ac                __vector_2
 .text.__vector_3
                0x00001112       0x66 ./ADC_CODE/MCAL/EXTI/EXTI_program.o
                0x00001112                __vector_3
 .text.DIO_voidInit
                0x00001178       0x4c ./ADC_CODE/MCAL/DIO/DIO_program.o
                0x00001178                DIO_voidInit
 .text.DIO_u8SetPinDirection
                0x000011c4      0x256 ./ADC_CODE/MCAL/DIO/DIO_program.o
                0x000011c4                DIO_u8SetPinDirection
 .text.DIO_u8SetPinValue
                0x0000141a      0x262 ./ADC_CODE/MCAL/DIO/DIO_program.o
                0x0000141a                DIO_u8SetPinValue
 .text.DIO_u8GetPinValue
                0x0000167c      0x17c ./ADC_CODE/MCAL/DIO/DIO_program.o
                0x0000167c                DIO_u8GetPinValue
 .text.DIO_u8SetPortDirection
                0x000017f8      0x12e ./ADC_CODE/MCAL/DIO/DIO_program.o
                0x000017f8                DIO_u8SetPortDirection
 .text.DIO_u8SetPortValue
                0x00001926       0x92 ./ADC_CODE/MCAL/DIO/DIO_program.o
                0x00001926                DIO_u8SetPortValue
 .text.DIO_u8GetPortValue
                0x000019b8       0xb4 ./ADC_CODE/MCAL/DIO/DIO_program.o
                0x000019b8                DIO_u8GetPortValue
 .text.ADC_voidInit
                0x00001a6c       0x7e ./ADC_CODE/MCAL/ADC/ADC_program.o
                0x00001a6c                ADC_voidInit
 .text.ADC_u8GetDigitalValueSynchNonBlocking
                0x00001aea       0xfa ./ADC_CODE/MCAL/ADC/ADC_program.o
                0x00001aea                ADC_u8GetDigitalValueSynchNonBlocking
 .text.ADC_u8GetDigitalValueAsynch
                0x00001be4       0x8c ./ADC_CODE/MCAL/ADC/ADC_program.o
                0x00001be4                ADC_u8GetDigitalValueAsynch
 .text.ADC_u8GetADCRegValue
                0x00001c70       0x3e ./ADC_CODE/MCAL/ADC/ADC_program.o
                0x00001c70                ADC_u8GetADCRegValue
 .text.__vector_16
                0x00001cae       0x82 ./ADC_CODE/MCAL/ADC/ADC_program.o
                0x00001cae                __vector_16
 .text.STM_u8_Rotate_CW
                0x00001d30      0x458 ./ADC_CODE/HAL/STM/STM_program.o
                0x00001d30                STM_u8_Rotate_CW
 .text.STM_u8_Rotate_CCW
                0x00002188      0x458 ./ADC_CODE/HAL/STM/STM_program.o
                0x00002188                STM_u8_Rotate_CCW
 .text.STM_u8_STOP
                0x000025e0      0x134 ./ADC_CODE/HAL/STM/STM_program.o
                0x000025e0                STM_u8_STOP
 .text.LCD_voidInit
                0x00002714      0x586 ./ADC_CODE/HAL/LCD/LCD_program.o
                0x00002714                LCD_voidInit
 .text.LCD_voidSendCmnd
                0x00002c9a      0x1d4 ./ADC_CODE/HAL/LCD/LCD_program.o
                0x00002c9a                LCD_voidSendCmnd
 .text.LCD_voidSendChar
                0x00002e6e      0x1d4 ./ADC_CODE/HAL/LCD/LCD_program.o
                0x00002e6e                LCD_voidSendChar
 .text.LCD_u8GoToXY
                0x00003042       0x68 ./ADC_CODE/HAL/LCD/LCD_program.o
                0x00003042                LCD_u8GoToXY
 .text.LCD_SendString
                0x000030aa       0x54 ./ADC_CODE/HAL/LCD/LCD_program.o
                0x000030aa                LCD_SendString
 .text.LCD_SendNum
                0x000030fe       0xee ./ADC_CODE/HAL/LCD/LCD_program.o
                0x000030fe                LCD_SendNum
 .text.KPD_u8GetKeyState
                0x000031ec      0x21e ./ADC_CODE/HAL/KPD/KPD_program.o
                0x000031ec                KPD_u8GetKeyState
 .text.DCM_u8_ROTATE_CW
                0x0000340a       0x24 ./ADC_CODE/HAL/DCM/DCM_program.o
                0x0000340a                DCM_u8_ROTATE_CW
 .text.DCM_u8_ROTATE_CCW
                0x0000342e       0x24 ./ADC_CODE/HAL/DCM/DCM_program.o
                0x0000342e                DCM_u8_ROTATE_CCW
 .text.DCM_u8_ROTATE_STOP
                0x00003452       0x24 ./ADC_CODE/HAL/DCM/DCM_program.o
                0x00003452                DCM_u8_ROTATE_STOP
 .text.DCM_u8_H_ROTATE_CW
                0x00003476       0x38 ./ADC_CODE/HAL/DCM/DCM_program.o
                0x00003476                DCM_u8_H_ROTATE_CW
 .text.DCM_u8_H_ROTATE_CCW
                0x000034ae       0x38 ./ADC_CODE/HAL/DCM/DCM_program.o
                0x000034ae                DCM_u8_H_ROTATE_CCW
 .text.DCM_u8_H_ROTATE_STOP
                0x000034e6       0x38 ./ADC_CODE/HAL/DCM/DCM_program.o
                0x000034e6                DCM_u8_H_ROTATE_STOP
 .text.main     0x0000351e       0x78 ./ADC_CODE/APP/main.o
                0x0000351e                main
 .text.libgcc   0x00003596       0x3e c:/media/ieee/interfacing/03-imt sdk/sdk_win_64/winavr/bin/../lib/gcc/avr/4.3.3/avr5\libgcc.a(_mulsi3.o)
                0x00003596                __mulsi3
 .text.libgcc   0x000035d4       0x44 c:/media/ieee/interfacing/03-imt sdk/sdk_win_64/winavr/bin/../lib/gcc/avr/4.3.3/avr5\libgcc.a(_udivmodsi4.o)
                0x000035d4                __udivmodsi4
 .text.libgcc   0x00003618        0x0 c:/media/ieee/interfacing/03-imt sdk/sdk_win_64/winavr/bin/../lib/gcc/avr/4.3.3/avr5\libgcc.a(_exit.o)
 .text.libgcc   0x00003618        0x0 c:/media/ieee/interfacing/03-imt sdk/sdk_win_64/winavr/bin/../lib/gcc/avr/4.3.3/avr5\libgcc.a(_copy_data.o)
 .text.libgcc   0x00003618        0x0 c:/media/ieee/interfacing/03-imt sdk/sdk_win_64/winavr/bin/../lib/gcc/avr/4.3.3/avr5\libgcc.a(_clear_bss.o)
 .text.libgcc   0x00003618       0x38 c:/media/ieee/interfacing/03-imt sdk/sdk_win_64/winavr/bin/../lib/gcc/avr/4.3.3/avr5\libgcc.a(_prologue.o)
                0x00003618                __prologue_saves__
 .text.libgcc   0x00003650       0x36 c:/media/ieee/interfacing/03-imt sdk/sdk_win_64/winavr/bin/../lib/gcc/avr/4.3.3/avr5\libgcc.a(_epilogue.o)
                0x00003650                __epilogue_restores__
                0x00003686                . = ALIGN (0x2)
 *(.fini9)
 .fini9         0x00003686        0x0 c:/media/ieee/interfacing/03-imt sdk/sdk_win_64/winavr/bin/../lib/gcc/avr/4.3.3/avr5\libgcc.a(_exit.o)
                0x00003686                exit
                0x00003686                _exit
 *(.fini9)
 *(.fini8)
 *(.fini8)
 *(.fini7)
 *(.fini7)
 *(.fini6)
 *(.fini6)
 *(.fini5)
 *(.fini5)
 *(.fini4)
 *(.fini4)
 *(.fini3)
 *(.fini3)
 *(.fini2)
 *(.fini2)
 *(.fini1)
 *(.fini1)
 *(.fini0)
 .fini0         0x00003686        0x4 c:/media/ieee/interfacing/03-imt sdk/sdk_win_64/winavr/bin/../lib/gcc/avr/4.3.3/avr5\libgcc.a(_exit.o)
 *(.fini0)
                0x0000368a                _etext = .

.data           0x00800060       0x20 load address 0x0000368a
                0x00800060                PROVIDE (__data_start, .)
 *(.data)
 .data          0x00800060        0x0 c:/media/ieee/interfacing/03-imt sdk/sdk_win_64/winavr/bin/../lib/gcc/avr/4.3.3/../../../../avr/lib/avr5/crtm32.o
 .data          0x00800060        0x0 ./ADC_CODE/MCAL/GI/GI_program.o
 .data          0x00800060        0x0 ./ADC_CODE/MCAL/EXTI/EXTI_program.o
 .data          0x00800060        0x0 ./ADC_CODE/MCAL/DIO/DIO_program.o
 .data          0x00800060        0x0 ./ADC_CODE/MCAL/ADC/ADC_program.o
 .data          0x00800060        0x0 ./ADC_CODE/HAL/STM/STM_program.o
 .data          0x00800060        0x0 ./ADC_CODE/HAL/LCD/LCD_program.o
 .data          0x00800060        0x0 ./ADC_CODE/HAL/KPD/KPD_program.o
 .data          0x00800060        0x0 ./ADC_CODE/HAL/DCM/DCM_program.o
 .data          0x00800060        0x0 ./ADC_CODE/APP/main.o
 .data          0x00800060        0x0 c:/media/ieee/interfacing/03-imt sdk/sdk_win_64/winavr/bin/../lib/gcc/avr/4.3.3/avr5\libgcc.a(_mulsi3.o)
 .data          0x00800060        0x0 c:/media/ieee/interfacing/03-imt sdk/sdk_win_64/winavr/bin/../lib/gcc/avr/4.3.3/avr5\libgcc.a(_udivmodsi4.o)
 .data          0x00800060        0x0 c:/media/ieee/interfacing/03-imt sdk/sdk_win_64/winavr/bin/../lib/gcc/avr/4.3.3/avr5\libgcc.a(_exit.o)
 .data          0x00800060        0x0 c:/media/ieee/interfacing/03-imt sdk/sdk_win_64/winavr/bin/../lib/gcc/avr/4.3.3/avr5\libgcc.a(_copy_data.o)
 .data          0x00800060        0x0 c:/media/ieee/interfacing/03-imt sdk/sdk_win_64/winavr/bin/../lib/gcc/avr/4.3.3/avr5\libgcc.a(_clear_bss.o)
 .data          0x00800060        0x0 c:/media/ieee/interfacing/03-imt sdk/sdk_win_64/winavr/bin/../lib/gcc/avr/4.3.3/avr5\libgcc.a(_fixunssfsi.o)
 .data          0x00800060        0x0 c:/media/ieee/interfacing/03-imt sdk/sdk_win_64/winavr/bin/../lib/gcc/avr/4.3.3/avr5\libgcc.a(_addsub_sf.o)
 .data          0x00800060        0x0 c:/media/ieee/interfacing/03-imt sdk/sdk_win_64/winavr/bin/../lib/gcc/avr/4.3.3/avr5\libgcc.a(_mul_sf.o)
 .data          0x00800060        0x0 c:/media/ieee/interfacing/03-imt sdk/sdk_win_64/winavr/bin/../lib/gcc/avr/4.3.3/avr5\libgcc.a(_div_sf.o)
 .data          0x00800060        0x0 c:/media/ieee/interfacing/03-imt sdk/sdk_win_64/winavr/bin/../lib/gcc/avr/4.3.3/avr5\libgcc.a(_gt_sf.o)
 .data          0x00800060        0x0 c:/media/ieee/interfacing/03-imt sdk/sdk_win_64/winavr/bin/../lib/gcc/avr/4.3.3/avr5\libgcc.a(_ge_sf.o)
 .data          0x00800060        0x0 c:/media/ieee/interfacing/03-imt sdk/sdk_win_64/winavr/bin/../lib/gcc/avr/4.3.3/avr5\libgcc.a(_lt_sf.o)
 .data          0x00800060        0x0 c:/media/ieee/interfacing/03-imt sdk/sdk_win_64/winavr/bin/../lib/gcc/avr/4.3.3/avr5\libgcc.a(_sf_to_si.o)
 .data          0x00800060        0x8 c:/media/ieee/interfacing/03-imt sdk/sdk_win_64/winavr/bin/../lib/gcc/avr/4.3.3/avr5\libgcc.a(_thenan_sf.o)
                0x00800060                __thenan_sf
 .data          0x00800068        0x0 c:/media/ieee/interfacing/03-imt sdk/sdk_win_64/winavr/bin/../lib/gcc/avr/4.3.3/avr5\libgcc.a(_prologue.o)
 .data          0x00800068        0x0 c:/media/ieee/interfacing/03-imt sdk/sdk_win_64/winavr/bin/../lib/gcc/avr/4.3.3/avr5\libgcc.a(_epilogue.o)
 .data          0x00800068        0x0 c:/media/ieee/interfacing/03-imt sdk/sdk_win_64/winavr/bin/../lib/gcc/avr/4.3.3/avr5\libgcc.a(_pack_sf.o)
 .data          0x00800068        0x0 c:/media/ieee/interfacing/03-imt sdk/sdk_win_64/winavr/bin/../lib/gcc/avr/4.3.3/avr5\libgcc.a(_unpack_sf.o)
 .data          0x00800068        0x0 c:/media/ieee/interfacing/03-imt sdk/sdk_win_64/winavr/bin/../lib/gcc/avr/4.3.3/avr5\libgcc.a(_fpcmp_parts_sf.o)
 *(.data*)
 *(.rodata)
 *(.rodata*)
 .rodata.KPD_Au8Keys
                0x00800068       0x10 ./ADC_CODE/HAL/KPD/KPD_program.o
                0x00800068                KPD_Au8Keys
 .rodata.KPD_Au8RowsPins
                0x00800078        0x4 ./ADC_CODE/HAL/KPD/KPD_program.o
                0x00800078                KPD_Au8RowsPins
 .rodata.KPD_Au8ColsPins
                0x0080007c        0x4 ./ADC_CODE/HAL/KPD/KPD_program.o
                0x0080007c                KPD_Au8ColsPins
 *(.gnu.linkonce.d*)
                0x00800080                . = ALIGN (0x2)
                0x00800080                _edata = .
                0x00800080                PROVIDE (__data_end, .)

.bss            0x00800080        0x9
                0x00800080                PROVIDE (__bss_start, .)
 *(.bss)
 .bss           0x00800080        0x0 c:/media/ieee/interfacing/03-imt sdk/sdk_win_64/winavr/bin/../lib/gcc/avr/4.3.3/../../../../avr/lib/avr5/crtm32.o
 .bss           0x00800080        0x0 ./ADC_CODE/MCAL/GI/GI_program.o
 .bss           0x00800080        0x0 ./ADC_CODE/MCAL/EXTI/EXTI_program.o
 .bss           0x00800080        0x0 ./ADC_CODE/MCAL/DIO/DIO_program.o
 .bss           0x00800080        0x0 ./ADC_CODE/MCAL/ADC/ADC_program.o
 .bss           0x00800080        0x0 ./ADC_CODE/HAL/STM/STM_program.o
 .bss           0x00800080        0x0 ./ADC_CODE/HAL/LCD/LCD_program.o
 .bss           0x00800080        0x0 ./ADC_CODE/HAL/KPD/KPD_program.o
 .bss           0x00800080        0x0 ./ADC_CODE/HAL/DCM/DCM_program.o
 .bss           0x00800080        0x0 ./ADC_CODE/APP/main.o
 .bss           0x00800080        0x0 c:/media/ieee/interfacing/03-imt sdk/sdk_win_64/winavr/bin/../lib/gcc/avr/4.3.3/avr5\libgcc.a(_mulsi3.o)
 .bss           0x00800080        0x0 c:/media/ieee/interfacing/03-imt sdk/sdk_win_64/winavr/bin/../lib/gcc/avr/4.3.3/avr5\libgcc.a(_udivmodsi4.o)
 .bss           0x00800080        0x0 c:/media/ieee/interfacing/03-imt sdk/sdk_win_64/winavr/bin/../lib/gcc/avr/4.3.3/avr5\libgcc.a(_exit.o)
 .bss           0x00800080        0x0 c:/media/ieee/interfacing/03-imt sdk/sdk_win_64/winavr/bin/../lib/gcc/avr/4.3.3/avr5\libgcc.a(_copy_data.o)
 .bss           0x00800080        0x0 c:/media/ieee/interfacing/03-imt sdk/sdk_win_64/winavr/bin/../lib/gcc/avr/4.3.3/avr5\libgcc.a(_clear_bss.o)
 .bss           0x00800080        0x0 c:/media/ieee/interfacing/03-imt sdk/sdk_win_64/winavr/bin/../lib/gcc/avr/4.3.3/avr5\libgcc.a(_fixunssfsi.o)
 .bss           0x00800080        0x0 c:/media/ieee/interfacing/03-imt sdk/sdk_win_64/winavr/bin/../lib/gcc/avr/4.3.3/avr5\libgcc.a(_addsub_sf.o)
 .bss           0x00800080        0x0 c:/media/ieee/interfacing/03-imt sdk/sdk_win_64/winavr/bin/../lib/gcc/avr/4.3.3/avr5\libgcc.a(_mul_sf.o)
 .bss           0x00800080        0x0 c:/media/ieee/interfacing/03-imt sdk/sdk_win_64/winavr/bin/../lib/gcc/avr/4.3.3/avr5\libgcc.a(_div_sf.o)
 .bss           0x00800080        0x0 c:/media/ieee/interfacing/03-imt sdk/sdk_win_64/winavr/bin/../lib/gcc/avr/4.3.3/avr5\libgcc.a(_gt_sf.o)
 .bss           0x00800080        0x0 c:/media/ieee/interfacing/03-imt sdk/sdk_win_64/winavr/bin/../lib/gcc/avr/4.3.3/avr5\libgcc.a(_ge_sf.o)
 .bss           0x00800080        0x0 c:/media/ieee/interfacing/03-imt sdk/sdk_win_64/winavr/bin/../lib/gcc/avr/4.3.3/avr5\libgcc.a(_lt_sf.o)
 .bss           0x00800080        0x0 c:/media/ieee/interfacing/03-imt sdk/sdk_win_64/winavr/bin/../lib/gcc/avr/4.3.3/avr5\libgcc.a(_sf_to_si.o)
 .bss           0x00800080        0x0 c:/media/ieee/interfacing/03-imt sdk/sdk_win_64/winavr/bin/../lib/gcc/avr/4.3.3/avr5\libgcc.a(_thenan_sf.o)
 .bss           0x00800080        0x0 c:/media/ieee/interfacing/03-imt sdk/sdk_win_64/winavr/bin/../lib/gcc/avr/4.3.3/avr5\libgcc.a(_prologue.o)
 .bss           0x00800080        0x0 c:/media/ieee/interfacing/03-imt sdk/sdk_win_64/winavr/bin/../lib/gcc/avr/4.3.3/avr5\libgcc.a(_epilogue.o)
 .bss           0x00800080        0x0 c:/media/ieee/interfacing/03-imt sdk/sdk_win_64/winavr/bin/../lib/gcc/avr/4.3.3/avr5\libgcc.a(_pack_sf.o)
 .bss           0x00800080        0x0 c:/media/ieee/interfacing/03-imt sdk/sdk_win_64/winavr/bin/../lib/gcc/avr/4.3.3/avr5\libgcc.a(_unpack_sf.o)
 .bss           0x00800080        0x0 c:/media/ieee/interfacing/03-imt sdk/sdk_win_64/winavr/bin/../lib/gcc/avr/4.3.3/avr5\libgcc.a(_fpcmp_parts_sf.o)
 *(.bss*)
 .bss.EXTI_ApfEXTI
                0x00800080        0x6 ./ADC_CODE/MCAL/EXTI/EXTI_program.o
 .bss.ADC_pfNotification
                0x00800086        0x2 ./ADC_CODE/MCAL/ADC/ADC_program.o
 .bss.ADC_u8BusyFlag
                0x00800088        0x1 ./ADC_CODE/MCAL/ADC/ADC_program.o
 *(COMMON)
                0x00800089                PROVIDE (__bss_end, .)
                0x0000368a                __data_load_start = LOADADDR (.data)
                0x000036aa                __data_load_end = (__data_load_start + SIZEOF (.data))

.noinit         0x00800089        0x0
                0x00800089                PROVIDE (__noinit_start, .)
 *(.noinit*)
                0x00800089                PROVIDE (__noinit_end, .)
                0x00800089                _end = .
                0x00800089                PROVIDE (__heap_start, .)

.eeprom         0x00810000        0x0
 *(.eeprom*)
                0x00810000                __eeprom_end = .

.fuse
 *(.fuse)
 *(.lfuse)
 *(.hfuse)
 *(.efuse)

.lock
 *(.lock*)

.signature
 *(.signature*)

.stab           0x00000000     0x3294
 *(.stab)
 .stab          0x00000000      0x198 ./ADC_CODE/MCAL/GI/GI_program.o
 .stab          0x00000198      0x6fc ./ADC_CODE/MCAL/EXTI/EXTI_program.o
                                0x708 (size before relaxing)
 .stab          0x00000894      0x7f8 ./ADC_CODE/MCAL/DIO/DIO_program.o
                                0x804 (size before relaxing)
 .stab          0x0000108c      0x498 ./ADC_CODE/MCAL/ADC/ADC_program.o
                                0x4a4 (size before relaxing)
 .stab          0x00001524      0x9e4 ./ADC_CODE/HAL/STM/STM_program.o
                                0xb7c (size before relaxing)
 .stab          0x00001f08      0xaa4 ./ADC_CODE/HAL/LCD/LCD_program.o
                                0xc3c (size before relaxing)
 .stab          0x000029ac      0x39c ./ADC_CODE/HAL/KPD/KPD_program.o
                                0x534 (size before relaxing)
 .stab          0x00002d48      0x348 ./ADC_CODE/HAL/DCM/DCM_program.o
                                0x4e0 (size before relaxing)
 .stab          0x00003090      0x204 ./ADC_CODE/APP/main.o
                                0x39c (size before relaxing)

.stabstr        0x00000000     0x1287
 *(.stabstr)
 .stabstr       0x00000000     0x1287 ./ADC_CODE/MCAL/GI/GI_program.o

.stab.excl
 *(.stab.excl)

.stab.exclstr
 *(.stab.exclstr)

.stab.index
 *(.stab.index)

.stab.indexstr
 *(.stab.indexstr)

.comment
 *(.comment)

.debug
 *(.debug)

.line
 *(.line)

.debug_srcinfo
 *(.debug_srcinfo)

.debug_sfnames
 *(.debug_sfnames)

.debug_aranges  0x00000000      0x160
 *(.debug_aranges)
 .debug_aranges
                0x00000000       0x20 c:/media/ieee/interfacing/03-imt sdk/sdk_win_64/winavr/bin/../lib/gcc/avr/4.3.3/avr5\libgcc.a(_fixunssfsi.o)
 .debug_aranges
                0x00000020       0x20 c:/media/ieee/interfacing/03-imt sdk/sdk_win_64/winavr/bin/../lib/gcc/avr/4.3.3/avr5\libgcc.a(_addsub_sf.o)
 .debug_aranges
                0x00000040       0x20 c:/media/ieee/interfacing/03-imt sdk/sdk_win_64/winavr/bin/../lib/gcc/avr/4.3.3/avr5\libgcc.a(_mul_sf.o)
 .debug_aranges
                0x00000060       0x20 c:/media/ieee/interfacing/03-imt sdk/sdk_win_64/winavr/bin/../lib/gcc/avr/4.3.3/avr5\libgcc.a(_div_sf.o)
 .debug_aranges
                0x00000080       0x20 c:/media/ieee/interfacing/03-imt sdk/sdk_win_64/winavr/bin/../lib/gcc/avr/4.3.3/avr5\libgcc.a(_gt_sf.o)
 .debug_aranges
                0x000000a0       0x20 c:/media/ieee/interfacing/03-imt sdk/sdk_win_64/winavr/bin/../lib/gcc/avr/4.3.3/avr5\libgcc.a(_ge_sf.o)
 .debug_aranges
                0x000000c0       0x20 c:/media/ieee/interfacing/03-imt sdk/sdk_win_64/winavr/bin/../lib/gcc/avr/4.3.3/avr5\libgcc.a(_lt_sf.o)
 .debug_aranges
                0x000000e0       0x20 c:/media/ieee/interfacing/03-imt sdk/sdk_win_64/winavr/bin/../lib/gcc/avr/4.3.3/avr5\libgcc.a(_sf_to_si.o)
 .debug_aranges
                0x00000100       0x20 c:/media/ieee/interfacing/03-imt sdk/sdk_win_64/winavr/bin/../lib/gcc/avr/4.3.3/avr5\libgcc.a(_pack_sf.o)
 .debug_aranges
                0x00000120       0x20 c:/media/ieee/interfacing/03-imt sdk/sdk_win_64/winavr/bin/../lib/gcc/avr/4.3.3/avr5\libgcc.a(_unpack_sf.o)
 .debug_aranges
                0x00000140       0x20 c:/media/ieee/interfacing/03-imt sdk/sdk_win_64/winavr/bin/../lib/gcc/avr/4.3.3/avr5\libgcc.a(_fpcmp_parts_sf.o)

.debug_pubnames
                0x00000000      0x18f
 *(.debug_pubnames)
 .debug_pubnames
                0x00000000       0x23 c:/media/ieee/interfacing/03-imt sdk/sdk_win_64/winavr/bin/../lib/gcc/avr/4.3.3/avr5\libgcc.a(_fixunssfsi.o)
 .debug_pubnames
                0x00000023       0x2c c:/media/ieee/interfacing/03-imt sdk/sdk_win_64/winavr/bin/../lib/gcc/avr/4.3.3/avr5\libgcc.a(_addsub_sf.o)
 .debug_pubnames
                0x0000004f       0x1f c:/media/ieee/interfacing/03-imt sdk/sdk_win_64/winavr/bin/../lib/gcc/avr/4.3.3/avr5\libgcc.a(_mul_sf.o)
 .debug_pubnames
                0x0000006e       0x1f c:/media/ieee/interfacing/03-imt sdk/sdk_win_64/winavr/bin/../lib/gcc/avr/4.3.3/avr5\libgcc.a(_div_sf.o)
 .debug_pubnames
                0x0000008d       0x1e c:/media/ieee/interfacing/03-imt sdk/sdk_win_64/winavr/bin/../lib/gcc/avr/4.3.3/avr5\libgcc.a(_gt_sf.o)
 .debug_pubnames
                0x000000ab       0x1e c:/media/ieee/interfacing/03-imt sdk/sdk_win_64/winavr/bin/../lib/gcc/avr/4.3.3/avr5\libgcc.a(_ge_sf.o)
 .debug_pubnames
                0x000000c9       0x1e c:/media/ieee/interfacing/03-imt sdk/sdk_win_64/winavr/bin/../lib/gcc/avr/4.3.3/avr5\libgcc.a(_lt_sf.o)
 .debug_pubnames
                0x000000e7       0x20 c:/media/ieee/interfacing/03-imt sdk/sdk_win_64/winavr/bin/../lib/gcc/avr/4.3.3/avr5\libgcc.a(_sf_to_si.o)
 .debug_pubnames
                0x00000107       0x22 c:/media/ieee/interfacing/03-imt sdk/sdk_win_64/winavr/bin/../lib/gcc/avr/4.3.3/avr5\libgcc.a(_thenan_sf.o)
 .debug_pubnames
                0x00000129       0x1f c:/media/ieee/interfacing/03-imt sdk/sdk_win_64/winavr/bin/../lib/gcc/avr/4.3.3/avr5\libgcc.a(_pack_sf.o)
 .debug_pubnames
                0x00000148       0x21 c:/media/ieee/interfacing/03-imt sdk/sdk_win_64/winavr/bin/../lib/gcc/avr/4.3.3/avr5\libgcc.a(_unpack_sf.o)
 .debug_pubnames
                0x00000169       0x26 c:/media/ieee/interfacing/03-imt sdk/sdk_win_64/winavr/bin/../lib/gcc/avr/4.3.3/avr5\libgcc.a(_fpcmp_parts_sf.o)

.debug_info     0x00000000     0x2045
 *(.debug_info)
 .debug_info    0x00000000       0xb1 c:/media/ieee/interfacing/03-imt sdk/sdk_win_64/winavr/bin/../lib/gcc/avr/4.3.3/avr5\libgcc.a(_fixunssfsi.o)
 .debug_info    0x000000b1      0x47a c:/media/ieee/interfacing/03-imt sdk/sdk_win_64/winavr/bin/../lib/gcc/avr/4.3.3/avr5\libgcc.a(_addsub_sf.o)
 .debug_info    0x0000052b      0x485 c:/media/ieee/interfacing/03-imt sdk/sdk_win_64/winavr/bin/../lib/gcc/avr/4.3.3/avr5\libgcc.a(_mul_sf.o)
 .debug_info    0x000009b0      0x3fc c:/media/ieee/interfacing/03-imt sdk/sdk_win_64/winavr/bin/../lib/gcc/avr/4.3.3/avr5\libgcc.a(_div_sf.o)
 .debug_info    0x00000dac      0x27f c:/media/ieee/interfacing/03-imt sdk/sdk_win_64/winavr/bin/../lib/gcc/avr/4.3.3/avr5\libgcc.a(_gt_sf.o)
 .debug_info    0x0000102b      0x27f c:/media/ieee/interfacing/03-imt sdk/sdk_win_64/winavr/bin/../lib/gcc/avr/4.3.3/avr5\libgcc.a(_ge_sf.o)
 .debug_info    0x000012aa      0x27f c:/media/ieee/interfacing/03-imt sdk/sdk_win_64/winavr/bin/../lib/gcc/avr/4.3.3/avr5\libgcc.a(_lt_sf.o)
 .debug_info    0x00001529      0x2b0 c:/media/ieee/interfacing/03-imt sdk/sdk_win_64/winavr/bin/../lib/gcc/avr/4.3.3/avr5\libgcc.a(_sf_to_si.o)
 .debug_info    0x000017d9      0x12c c:/media/ieee/interfacing/03-imt sdk/sdk_win_64/winavr/bin/../lib/gcc/avr/4.3.3/avr5\libgcc.a(_thenan_sf.o)
 .debug_info    0x00001905      0x2df c:/media/ieee/interfacing/03-imt sdk/sdk_win_64/winavr/bin/../lib/gcc/avr/4.3.3/avr5\libgcc.a(_pack_sf.o)
 .debug_info    0x00001be4      0x251 c:/media/ieee/interfacing/03-imt sdk/sdk_win_64/winavr/bin/../lib/gcc/avr/4.3.3/avr5\libgcc.a(_unpack_sf.o)
 .debug_info    0x00001e35      0x210 c:/media/ieee/interfacing/03-imt sdk/sdk_win_64/winavr/bin/../lib/gcc/avr/4.3.3/avr5\libgcc.a(_fpcmp_parts_sf.o)
 *(.gnu.linkonce.wi.*)

.debug_abbrev   0x00000000     0x1101
 *(.debug_abbrev)
 .debug_abbrev  0x00000000       0x5d c:/media/ieee/interfacing/03-imt sdk/sdk_win_64/winavr/bin/../lib/gcc/avr/4.3.3/avr5\libgcc.a(_fixunssfsi.o)
 .debug_abbrev  0x0000005d      0x1ea c:/media/ieee/interfacing/03-imt sdk/sdk_win_64/winavr/bin/../lib/gcc/avr/4.3.3/avr5\libgcc.a(_addsub_sf.o)
 .debug_abbrev  0x00000247      0x21b c:/media/ieee/interfacing/03-imt sdk/sdk_win_64/winavr/bin/../lib/gcc/avr/4.3.3/avr5\libgcc.a(_mul_sf.o)
 .debug_abbrev  0x00000462      0x216 c:/media/ieee/interfacing/03-imt sdk/sdk_win_64/winavr/bin/../lib/gcc/avr/4.3.3/avr5\libgcc.a(_div_sf.o)
 .debug_abbrev  0x00000678      0x15a c:/media/ieee/interfacing/03-imt sdk/sdk_win_64/winavr/bin/../lib/gcc/avr/4.3.3/avr5\libgcc.a(_gt_sf.o)
 .debug_abbrev  0x000007d2      0x15a c:/media/ieee/interfacing/03-imt sdk/sdk_win_64/winavr/bin/../lib/gcc/avr/4.3.3/avr5\libgcc.a(_ge_sf.o)
 .debug_abbrev  0x0000092c      0x15a c:/media/ieee/interfacing/03-imt sdk/sdk_win_64/winavr/bin/../lib/gcc/avr/4.3.3/avr5\libgcc.a(_lt_sf.o)
 .debug_abbrev  0x00000a86      0x17f c:/media/ieee/interfacing/03-imt sdk/sdk_win_64/winavr/bin/../lib/gcc/avr/4.3.3/avr5\libgcc.a(_sf_to_si.o)
 .debug_abbrev  0x00000c05       0xad c:/media/ieee/interfacing/03-imt sdk/sdk_win_64/winavr/bin/../lib/gcc/avr/4.3.3/avr5\libgcc.a(_thenan_sf.o)
 .debug_abbrev  0x00000cb2      0x1c0 c:/media/ieee/interfacing/03-imt sdk/sdk_win_64/winavr/bin/../lib/gcc/avr/4.3.3/avr5\libgcc.a(_pack_sf.o)
 .debug_abbrev  0x00000e72      0x154 c:/media/ieee/interfacing/03-imt sdk/sdk_win_64/winavr/bin/../lib/gcc/avr/4.3.3/avr5\libgcc.a(_unpack_sf.o)
 .debug_abbrev  0x00000fc6      0x13b c:/media/ieee/interfacing/03-imt sdk/sdk_win_64/winavr/bin/../lib/gcc/avr/4.3.3/avr5\libgcc.a(_fpcmp_parts_sf.o)

.debug_line     0x00000000      0xf82
 *(.debug_line)
 .debug_line    0x00000000       0xa7 c:/media/ieee/interfacing/03-imt sdk/sdk_win_64/winavr/bin/../lib/gcc/avr/4.3.3/avr5\libgcc.a(_fixunssfsi.o)
 .debug_line    0x000000a7      0x2af c:/media/ieee/interfacing/03-imt sdk/sdk_win_64/winavr/bin/../lib/gcc/avr/4.3.3/avr5\libgcc.a(_addsub_sf.o)
 .debug_line    0x00000356      0x239 c:/media/ieee/interfacing/03-imt sdk/sdk_win_64/winavr/bin/../lib/gcc/avr/4.3.3/avr5\libgcc.a(_mul_sf.o)
 .debug_line    0x0000058f      0x1d5 c:/media/ieee/interfacing/03-imt sdk/sdk_win_64/winavr/bin/../lib/gcc/avr/4.3.3/avr5\libgcc.a(_div_sf.o)
 .debug_line    0x00000764       0xd3 c:/media/ieee/interfacing/03-imt sdk/sdk_win_64/winavr/bin/../lib/gcc/avr/4.3.3/avr5\libgcc.a(_gt_sf.o)
 .debug_line    0x00000837       0xd3 c:/media/ieee/interfacing/03-imt sdk/sdk_win_64/winavr/bin/../lib/gcc/avr/4.3.3/avr5\libgcc.a(_ge_sf.o)
 .debug_line    0x0000090a       0xd3 c:/media/ieee/interfacing/03-imt sdk/sdk_win_64/winavr/bin/../lib/gcc/avr/4.3.3/avr5\libgcc.a(_lt_sf.o)
 .debug_line    0x000009dd      0x109 c:/media/ieee/interfacing/03-imt sdk/sdk_win_64/winavr/bin/../lib/gcc/avr/4.3.3/avr5\libgcc.a(_sf_to_si.o)
 .debug_line    0x00000ae6       0x90 c:/media/ieee/interfacing/03-imt sdk/sdk_win_64/winavr/bin/../lib/gcc/avr/4.3.3/avr5\libgcc.a(_thenan_sf.o)
 .debug_line    0x00000b76      0x18a c:/media/ieee/interfacing/03-imt sdk/sdk_win_64/winavr/bin/../lib/gcc/avr/4.3.3/avr5\libgcc.a(_pack_sf.o)
 .debug_line    0x00000d00      0x14b c:/media/ieee/interfacing/03-imt sdk/sdk_win_64/winavr/bin/../lib/gcc/avr/4.3.3/avr5\libgcc.a(_unpack_sf.o)
 .debug_line    0x00000e4b      0x137 c:/media/ieee/interfacing/03-imt sdk/sdk_win_64/winavr/bin/../lib/gcc/avr/4.3.3/avr5\libgcc.a(_fpcmp_parts_sf.o)

.debug_frame    0x00000000      0x180
 *(.debug_frame)
 .debug_frame   0x00000000       0x20 c:/media/ieee/interfacing/03-imt sdk/sdk_win_64/winavr/bin/../lib/gcc/avr/4.3.3/avr5\libgcc.a(_fixunssfsi.o)
 .debug_frame   0x00000020       0x40 c:/media/ieee/interfacing/03-imt sdk/sdk_win_64/winavr/bin/../lib/gcc/avr/4.3.3/avr5\libgcc.a(_addsub_sf.o)
 .debug_frame   0x00000060       0x20 c:/media/ieee/interfacing/03-imt sdk/sdk_win_64/winavr/bin/../lib/gcc/avr/4.3.3/avr5\libgcc.a(_mul_sf.o)
 .debug_frame   0x00000080       0x20 c:/media/ieee/interfacing/03-imt sdk/sdk_win_64/winavr/bin/../lib/gcc/avr/4.3.3/avr5\libgcc.a(_div_sf.o)
 .debug_frame   0x000000a0       0x20 c:/media/ieee/interfacing/03-imt sdk/sdk_win_64/winavr/bin/../lib/gcc/avr/4.3.3/avr5\libgcc.a(_gt_sf.o)
 .debug_frame   0x000000c0       0x20 c:/media/ieee/interfacing/03-imt sdk/sdk_win_64/winavr/bin/../lib/gcc/avr/4.3.3/avr5\libgcc.a(_ge_sf.o)
 .debug_frame   0x000000e0       0x20 c:/media/ieee/interfacing/03-imt sdk/sdk_win_64/winavr/bin/../lib/gcc/avr/4.3.3/avr5\libgcc.a(_lt_sf.o)
 .debug_frame   0x00000100       0x20 c:/media/ieee/interfacing/03-imt sdk/sdk_win_64/winavr/bin/../lib/gcc/avr/4.3.3/avr5\libgcc.a(_sf_to_si.o)
 .debug_frame   0x00000120       0x20 c:/media/ieee/interfacing/03-imt sdk/sdk_win_64/winavr/bin/../lib/gcc/avr/4.3.3/avr5\libgcc.a(_pack_sf.o)
 .debug_frame   0x00000140       0x20 c:/media/ieee/interfacing/03-imt sdk/sdk_win_64/winavr/bin/../lib/gcc/avr/4.3.3/avr5\libgcc.a(_unpack_sf.o)
 .debug_frame   0x00000160       0x20 c:/media/ieee/interfacing/03-imt sdk/sdk_win_64/winavr/bin/../lib/gcc/avr/4.3.3/avr5\libgcc.a(_fpcmp_parts_sf.o)

.debug_str      0x00000000      0x2c2
 *(.debug_str)
 .debug_str     0x00000000       0xbf c:/media/ieee/interfacing/03-imt sdk/sdk_win_64/winavr/bin/../lib/gcc/avr/4.3.3/avr5\libgcc.a(_fixunssfsi.o)
                                 0xfe (size before relaxing)
 .debug_str     0x000000bf      0x14d c:/media/ieee/interfacing/03-imt sdk/sdk_win_64/winavr/bin/../lib/gcc/avr/4.3.3/avr5\libgcc.a(_addsub_sf.o)
                                0x206 (size before relaxing)
 .debug_str     0x0000020c       0x27 c:/media/ieee/interfacing/03-imt sdk/sdk_win_64/winavr/bin/../lib/gcc/avr/4.3.3/avr5\libgcc.a(_mul_sf.o)
                                0x1bf (size before relaxing)
 .debug_str     0x00000233       0x35 c:/media/ieee/interfacing/03-imt sdk/sdk_win_64/winavr/bin/../lib/gcc/avr/4.3.3/avr5\libgcc.a(_div_sf.o)
                                0x1c8 (size before relaxing)
 .debug_str     0x00000268        0xf c:/media/ieee/interfacing/03-imt sdk/sdk_win_64/winavr/bin/../lib/gcc/avr/4.3.3/avr5\libgcc.a(_gt_sf.o)
                                0x195 (size before relaxing)
 .debug_str     0x00000277        0x8 c:/media/ieee/interfacing/03-imt sdk/sdk_win_64/winavr/bin/../lib/gcc/avr/4.3.3/avr5\libgcc.a(_ge_sf.o)
                                0x195 (size before relaxing)
 .debug_str     0x0000027f        0x8 c:/media/ieee/interfacing/03-imt sdk/sdk_win_64/winavr/bin/../lib/gcc/avr/4.3.3/avr5\libgcc.a(_lt_sf.o)
                                0x195 (size before relaxing)
 .debug_str     0x00000287        0xa c:/media/ieee/interfacing/03-imt sdk/sdk_win_64/winavr/bin/../lib/gcc/avr/4.3.3/avr5\libgcc.a(_sf_to_si.o)
                                0x19e (size before relaxing)
 .debug_str     0x00000000      0x103 c:/media/ieee/interfacing/03-imt sdk/sdk_win_64/winavr/bin/../lib/gcc/avr/4.3.3/avr5\libgcc.a(_thenan_sf.o)
 .debug_str     0x00000291       0x16 c:/media/ieee/interfacing/03-imt sdk/sdk_win_64/winavr/bin/../lib/gcc/avr/4.3.3/avr5\libgcc.a(_pack_sf.o)
                                0x19d (size before relaxing)
 .debug_str     0x000002a7        0xb c:/media/ieee/interfacing/03-imt sdk/sdk_win_64/winavr/bin/../lib/gcc/avr/4.3.3/avr5\libgcc.a(_unpack_sf.o)
                                0x17f (size before relaxing)
 .debug_str     0x000002b2       0x10 c:/media/ieee/interfacing/03-imt sdk/sdk_win_64/winavr/bin/../lib/gcc/avr/4.3.3/avr5\libgcc.a(_fpcmp_parts_sf.o)
                                0x163 (size before relaxing)

.debug_loc      0x00000000      0x88e
 *(.debug_loc)
 .debug_loc     0x00000000       0x34 c:/media/ieee/interfacing/03-imt sdk/sdk_win_64/winavr/bin/../lib/gcc/avr/4.3.3/avr5\libgcc.a(_fixunssfsi.o)
 .debug_loc     0x00000034      0x32a c:/media/ieee/interfacing/03-imt sdk/sdk_win_64/winavr/bin/../lib/gcc/avr/4.3.3/avr5\libgcc.a(_addsub_sf.o)
 .debug_loc     0x0000035e      0x104 c:/media/ieee/interfacing/03-imt sdk/sdk_win_64/winavr/bin/../lib/gcc/avr/4.3.3/avr5\libgcc.a(_mul_sf.o)
 .debug_loc     0x00000462       0xc0 c:/media/ieee/interfacing/03-imt sdk/sdk_win_64/winavr/bin/../lib/gcc/avr/4.3.3/avr5\libgcc.a(_div_sf.o)
 .debug_loc     0x00000522       0x3c c:/media/ieee/interfacing/03-imt sdk/sdk_win_64/winavr/bin/../lib/gcc/avr/4.3.3/avr5\libgcc.a(_gt_sf.o)
 .debug_loc     0x0000055e       0x3c c:/media/ieee/interfacing/03-imt sdk/sdk_win_64/winavr/bin/../lib/gcc/avr/4.3.3/avr5\libgcc.a(_ge_sf.o)
 .debug_loc     0x0000059a       0x3c c:/media/ieee/interfacing/03-imt sdk/sdk_win_64/winavr/bin/../lib/gcc/avr/4.3.3/avr5\libgcc.a(_lt_sf.o)
 .debug_loc     0x000005d6       0x7e c:/media/ieee/interfacing/03-imt sdk/sdk_win_64/winavr/bin/../lib/gcc/avr/4.3.3/avr5\libgcc.a(_sf_to_si.o)
 .debug_loc     0x00000654      0x13e c:/media/ieee/interfacing/03-imt sdk/sdk_win_64/winavr/bin/../lib/gcc/avr/4.3.3/avr5\libgcc.a(_pack_sf.o)
 .debug_loc     0x00000792       0xac c:/media/ieee/interfacing/03-imt sdk/sdk_win_64/winavr/bin/../lib/gcc/avr/4.3.3/avr5\libgcc.a(_unpack_sf.o)
 .debug_loc     0x0000083e       0x50 c:/media/ieee/interfacing/03-imt sdk/sdk_win_64/winavr/bin/../lib/gcc/avr/4.3.3/avr5\libgcc.a(_fpcmp_parts_sf.o)

.debug_macinfo
 *(.debug_macinfo)
OUTPUT(ADC_DRIVER.elf elf32-avr)
LOAD linker stubs

.debug_ranges   0x00000000       0x50
 .debug_ranges  0x00000000       0x50 c:/media/ieee/interfacing/03-imt sdk/sdk_win_64/winavr/bin/../lib/gcc/avr/4.3.3/avr5\libgcc.a(_mul_sf.o)
